// Jest Snapshot v1, https://goo.gl/fbAQLP

exports[`<Example> Example component should match snapshot 1`] = `
<span>
  Hello World!
</span>
`;
