// Jest Snapshot v1, https://goo.gl/fbAQLP

exports[`utilities utilities to match snapshot 1`] = `
Object {
  "delay": [Function],
}
`;
